select case
  when setting::int >= 160000 then 'PG 16+'
  end as "regression output for PG version"
from pg_settings where name = 'server_version_num';
 regression output for PG version 
----------------------------------
 PG 16+
(1 row)

set client_min_messages = debug;
set extwlist.custom_path = '';
set role mere_mortal;
-- in the hope refint stays at version 1.0 in PostgreSQL
create extension refint;
DEBUG:  executing extension script for "refint" version '1.0'
alter extension refint update;
NOTICE:  version "1.0" of extension "refint" is already installed
comment on extension refint is 'snarky remark';
drop extension refint, refint;
DEBUG:  drop auto-cascades to function check_primary_key()
DEBUG:  drop auto-cascades to function check_foreign_key()
